成功加载 500 条结果
------------------------------

=== TreecEva 评估结果分析报告 ===

[基本指标]
- 总样本数: 500
- 正确数量: 277
- 准确率:   55.40%
- 有效预测数: 471
- 有效准确率: 58.81%
- 错误率:   5.80%

[数值准确率] (浮点数比较)
- 精确匹配数: 277
- 近似匹配数: 0
- 精确准确率: 58.81%
- 近似准确率: 58.81%
- 平均差异:   44510457986594040.0000
- 中位数差异: 0.0000
- 最大差异:   20964425710796681216.0000

[答案类型分布]
预测答案类型:
  - integer: 433
  - float: 38
标准答案类型:
  - integer: 436
  - float: 64

[错误分析]
  - None: 194
  - no_assert_found: 28
  - rhs_not_numeric_literal: 1

详细错误统计:
  - no_assert_found: 28
  - rhs_not_numeric_literal: 1

