成功加载 500 条结果
------------------------------

=== TreecEva 评估结果分析报告 ===

[基本指标]
- 总样本数: 500
- 正确数量: 268
- 准确率:   53.60%
- 有效预测数: 465
- 有效准确率: 57.63%
- 错误率:   7.00%

[数值准确率] (浮点数比较)
- 精确匹配数: 268
- 近似匹配数: 1
- 精确准确率: 57.63%
- 近似准确率: 57.85%
- 平均差异:   4470246.9502
- 中位数差异: 0.0000
- 最大差异:   1981286524.0000

[答案类型分布]
预测答案类型:
  - integer: 425
  - float: 40
标准答案类型:
  - integer: 436
  - float: 64

[错误分析]
  - None: 197
  - rhs_not_numeric_literal: 2
  - no_assert_found: 33

详细错误统计:
  - rhs_not_numeric_literal: 2
  - no_assert_found: 33

