成功加载 500 条结果
------------------------------

=== TreecEva 评估结果分析报告 ===

[基本指标]
- 总样本数: 500
- 正确数量: 112
- 准确率:   22.40%
- 有效预测数: 167
- 有效准确率: 67.07%
- 错误率:   66.60%

[数值准确率] (浮点数比较)
- 精确匹配数: 112
- 近似匹配数: 0
- 精确准确率: 67.07%
- 近似准确率: 67.07%
- 平均差异:   191168536601895936.0000
- 中位数差异: 0.0000
- 最大差异:   31925145612516605952.0000

[答案类型分布]
预测答案类型:
  - integer: 142
  - float: 25
标准答案类型:
  - integer: 436
  - float: 64

[错误分析]
  - empty_output: 269
  - no_assert_found: 64
  - None: 55

详细错误统计:
  - empty_output: 269
  - no_assert_found: 64

