成功加载 500 条结果
------------------------------

=== TreecEva 评估结果分析报告 ===

[基本指标]
- 总样本数: 500
- 正确数量: 101
- 准确率:   20.20%
- 有效预测数: 393
- 有效准确率: 25.70%
- 错误率:   21.40%

[数值准确率] (浮点数比较)
- 精确匹配数: 101
- 近似匹配数: 0
- 精确准确率: 25.70%
- 近似准确率: 25.70%
- 平均差异:   5821653.7888
- 中位数差异: 10.0000
- 最大差异:   2239970578.0000

[答案类型分布]
预测答案类型:
  - integer: 357
  - float: 36
标准答案类型:
  - integer: 436
  - float: 64

[错误分析]
  - None: 292
  - empty_output: 77
  - no_assert_found: 27
  - rhs_not_numeric_literal: 3

详细错误统计:
  - empty_output: 77
  - no_assert_found: 27
  - rhs_not_numeric_literal: 3

