成功加载 500 条结果
------------------------------

=== TreecEva 评估结果分析报告 ===

[基本指标]
- 总样本数: 500
- 正确数量: 188
- 准确率:   37.60%
- 有效预测数: 379
- 有效准确率: 49.60%
- 错误率:   24.20%

[数值准确率] (浮点数比较)
- 精确匹配数: 188
- 近似匹配数: 0
- 精确准确率: 49.60%
- 近似准确率: 49.60%
- 平均差异:   57953629836736312.0000
- 中位数差异: 0.2534
- 最大差异:   21964425708034572288.0000

[答案类型分布]
预测答案类型:
  - integer: 344
  - float: 35
标准答案类型:
  - integer: 436
  - float: 64

[错误分析]
  - None: 191
  - no_assert_found: 109
  - empty_output: 12

详细错误统计:
  - no_assert_found: 109
  - empty_output: 12

