成功加载 500 条结果
------------------------------

=== TreecEva 评估结果分析报告 ===

[基本指标]
- 总样本数: 500
- 正确数量: 227
- 准确率:   45.40%
- 有效预测数: 249
- 有效准确率: 91.16%
- 错误率:   50.20%

[数值准确率] (浮点数比较)
- 精确匹配数: 227
- 近似匹配数: 0
- 精确准确率: 91.16%
- 近似准确率: 91.16%
- 平均差异:   30.0522
- 中位数差异: 0.0000
- 最大差异:   5243.0000

[答案类型分布]
预测答案类型:
  - integer: 228
  - float: 21
标准答案类型:
  - integer: 436
  - float: 64

[错误分析]
  - empty_output: 249
  - None: 22
  - no_assert_found: 2

详细错误统计:
  - empty_output: 249
  - no_assert_found: 2

