成功加载 500 条结果
------------------------------

=== TreecEva 评估结果分析报告 ===

[基本指标]
- 总样本数: 500
- 正确数量: 23
- 准确率:   4.60%
- 有效预测数: 458
- 有效准确率: 5.02%
- 错误率:   8.40%

[数值准确率] (浮点数比较)
- 精确匹配数: 23
- 近似匹配数: 0
- 精确准确率: 5.02%
- 近似准确率: 5.02%
- 平均差异:   45773855257932216.0000
- 中位数差异: 35.0000
- 最大差异:   20964425708034568192.0000

[答案类型分布]
预测答案类型:
  - integer: 434
  - float: 24
标准答案类型:
  - integer: 436
  - float: 64

[错误分析]
  - None: 435
  - rhs_not_numeric_literal: 39
  - no_assert_found: 3

详细错误统计:
  - rhs_not_numeric_literal: 39
  - no_assert_found: 3

