成功加载 500 条结果
------------------------------

=== TreecEva 评估结果分析报告 ===

[基本指标]
- 总样本数: 500
- 正确数量: 74
- 准确率:   14.80%
- 有效预测数: 317
- 有效准确率: 23.34%
- 错误率:   36.60%

[数值准确率] (浮点数比较)
- 精确匹配数: 74
- 近似匹配数: 1
- 精确准确率: 23.34%
- 近似准确率: 23.66%
- 平均差异:   15487795.3312
- 中位数差异: 13.0000
- 最大差异:   4294532847.0000

[答案类型分布]
预测答案类型:
  - integer: 294
  - float: 23
标准答案类型:
  - integer: 436
  - float: 64

[错误分析]
  - None: 243
  - empty_output: 179
  - no_assert_found: 4

详细错误统计:
  - empty_output: 179
  - no_assert_found: 4

