成功加载 500 条结果
------------------------------

=== TreecEva 评估结果分析报告 ===

[基本指标]
- 总样本数: 500
- 正确数量: 254
- 准确率:   50.80%
- 有效预测数: 480
- 有效准确率: 52.92%
- 错误率:   4.00%

[数值准确率] (浮点数比较)
- 精确匹配数: 254
- 近似匹配数: 2
- 精确准确率: 52.92%
- 近似准确率: 53.33%
- 平均差异:   43675886895285520.0000
- 中位数差异: 0.0000
- 最大差异:   20964425708023263232.0000

[答案类型分布]
预测答案类型:
  - integer: 437
  - float: 43
标准答案类型:
  - integer: 436
  - float: 64

[错误分析]
  - None: 226
  - no_assert_found: 16
  - empty_output: 4

详细错误统计:
  - no_assert_found: 16
  - empty_output: 4

