成功加载 500 条结果
------------------------------

=== TreecEva 评估结果分析报告 ===

[基本指标]
- 总样本数: 500
- 正确数量: 175
- 准确率:   35.00%
- 有效预测数: 245
- 有效准确率: 71.43%
- 错误率:   51.00%

[数值准确率] (浮点数比较)
- 精确匹配数: 175
- 近似匹配数: 0
- 精确准确率: 71.43%
- 近似准确率: 71.43%
- 平均差异:   35633792917318252.0000
- 中位数差异: 0.0000
- 最大差异:   8730279264708833280.0000

[答案类型分布]
预测答案类型:
  - integer: 217
  - float: 28
标准答案类型:
  - integer: 436
  - float: 64

[错误分析]
  - empty_output: 246
  - None: 70
  - no_assert_found: 9

详细错误统计:
  - empty_output: 246
  - no_assert_found: 9

