成功加载 500 条结果
------------------------------

=== TreecEva 评估结果分析报告 ===

[基本指标]
- 总样本数: 500
- 正确数量: 22
- 准确率:   4.40%
- 有效预测数: 495
- 有效准确率: 4.44%
- 错误率:   1.00%

[数值准确率] (浮点数比较)
- 精确匹配数: 22
- 近似匹配数: 0
- 精确准确率: 4.44%
- 近似准确率: 4.44%
- 平均差异:   40273695621432288.0000
- 中位数差异: 25.0000
- 最大差异:   19935479332360110080.0000

[答案类型分布]
预测答案类型:
  - integer: 456
  - float: 39
标准答案类型:
  - integer: 436
  - float: 64

[错误分析]
  - None: 473
  - rhs_not_numeric_literal: 2
  - no_assert_found: 3

详细错误统计:
  - rhs_not_numeric_literal: 2
  - no_assert_found: 3

