成功加载 500 条结果
------------------------------

=== TreecEva 评估结果分析报告 ===

[基本指标]
- 总样本数: 500
- 正确数量: 28
- 准确率:   5.60%
- 有效预测数: 496
- 有效准确率: 5.65%
- 错误率:   0.80%

[数值准确率] (浮点数比较)
- 精确匹配数: 28
- 近似匹配数: 0
- 精确准确率: 5.65%
- 近似准确率: 5.65%
- 平均差异:   45334020710985872.0000
- 中位数差异: 28.5000
- 最大差异:   22485674270359138304.0000

[答案类型分布]
预测答案类型:
  - integer: 460
  - float: 36
标准答案类型:
  - integer: 436
  - float: 64

[错误分析]
  - None: 468
  - no_assert_found: 3
  - rhs_not_numeric_literal: 1

详细错误统计:
  - no_assert_found: 3
  - rhs_not_numeric_literal: 1

