成功加载 500 条结果
------------------------------

=== TreecEva 评估结果分析报告 ===

[基本指标]
- 总样本数: 500
- 正确数量: 41
- 准确率:   8.20%
- 有效预测数: 480
- 有效准确率: 8.54%
- 错误率:   4.00%

[数值准确率] (浮点数比较)
- 精确匹配数: 41
- 近似匹配数: 1
- 精确准确率: 8.54%
- 近似准确率: 8.75%
- 平均差异:   41463000856484064.0000
- 中位数差异: 27.5000
- 最大差异:   19902240408854630400.0000

[答案类型分布]
预测答案类型:
  - integer: 441
  - float: 39
标准答案类型:
  - integer: 436
  - float: 64

[错误分析]
  - None: 439
  - no_assert_found: 18
  - rhs_not_numeric_literal: 2

详细错误统计:
  - no_assert_found: 18
  - rhs_not_numeric_literal: 2

