成功加载 500 条结果
------------------------------

=== TreecEva 评估结果分析报告 ===

[基本指标]
- 总样本数: 500
- 正确数量: 26
- 准确率:   5.20%
- 有效预测数: 497
- 有效准确率: 5.23%
- 错误率:   0.60%

[数值准确率] (浮点数比较)
- 精确匹配数: 26
- 近似匹配数: 2
- 精确准确率: 5.23%
- 近似准确率: 5.63%
- 平均差异:   2032396398593581813026875590962288262065220423156560507699200.0000
- 中位数差异: 25.0000
- 最大差异:   1010101010101010176060457942120836017358417229528509504345341952.0000

[答案类型分布]
预测答案类型:
  - integer: 461
  - float: 36
标准答案类型:
  - integer: 436
  - float: 64

[错误分析]
  - None: 471
  - no_assert_found: 3

详细错误统计:
  - no_assert_found: 3

