成功加载 500 条结果
------------------------------

=== TreecEva 评估结果分析报告 ===

[基本指标]
- 总样本数: 500
- 正确数量: 362
- 准确率:   72.40%
- 有效预测数: 435
- 有效准确率: 83.22%
- 错误率:   13.00%

[数值准确率] (浮点数比较)
- 精确匹配数: 362
- 近似匹配数: 1
- 精确准确率: 83.22%
- 近似准确率: 83.45%
- 平均差异:   3313068.9410
- 中位数差异: 0.0000
- 最大差异:   1441171735.0000

[答案类型分布]
预测答案类型:
  - integer: 397
  - float: 38
标准答案类型:
  - integer: 436
  - float: 64

[错误分析]
  - None: 73
  - no_assert_found: 64
  - rhs_not_numeric_literal: 1

详细错误统计:
  - no_assert_found: 64
  - rhs_not_numeric_literal: 1

