成功加载 500 条结果
------------------------------

=== TreecEva 评估结果分析报告 ===

[基本指标]
- 总样本数: 500
- 正确数量: 17
- 准确率:   3.40%
- 有效预测数: 17
- 有效准确率: 100.00%
- 错误率:   96.60%

[数值准确率] (浮点数比较)
- 精确匹配数: 17
- 近似匹配数: 0
- 精确准确率: 100.00%
- 近似准确率: 100.00%
- 平均差异:   0.0000
- 中位数差异: 0.0000
- 最大差异:   0.0000

[答案类型分布]
预测答案类型:
  - integer: 14
  - float: 3
标准答案类型:
  - integer: 436
  - float: 64

[错误分析]
  - no_assert_found: 60
  - empty_output: 418
  - rhs_not_numeric_literal: 5

详细错误统计:
  - no_assert_found: 60
  - empty_output: 418
  - rhs_not_numeric_literal: 5

