成功加载 500 条结果
------------------------------

=== TreecEva 评估结果分析报告 ===

[基本指标]
- 总样本数: 500
- 正确数量: 128
- 准确率:   25.60%
- 有效预测数: 189
- 有效准确率: 67.72%
- 错误率:   62.20%

[数值准确率] (浮点数比较)
- 精确匹配数: 128
- 近似匹配数: 0
- 精确准确率: 67.72%
- 近似准确率: 67.72%
- 平均差异:   110302332074090912.0000
- 中位数差异: 0.0000
- 最大差异:   20847140759142293504.0000

[答案类型分布]
预测答案类型:
  - integer: 169
  - float: 20
标准答案类型:
  - integer: 436
  - float: 64

[错误分析]
  - None: 61
  - no_assert_found: 36
  - cheating_modified_lhs: 1
  - empty_output: 274

详细错误统计:
  - no_assert_found: 36
  - cheating_modified_lhs: 1
  - empty_output: 274

