成功加载 500 条结果
------------------------------

=== TreecEva 评估结果分析报告 ===

[基本指标]
- 总样本数: 500
- 正确数量: 90
- 准确率:   18.00%
- 有效预测数: 92
- 有效准确率: 97.83%
- 错误率:   81.60%

[数值准确率] (浮点数比较)
- 精确匹配数: 90
- 近似匹配数: 0
- 精确准确率: 97.83%
- 近似准确率: 97.83%
- 平均差异:   0.6196
- 中位数差异: 0.0000
- 最大差异:   44.0000

[答案类型分布]
预测答案类型:
  - integer: 76
  - float: 16
标准答案类型:
  - integer: 436
  - float: 64

[错误分析]
  - rhs_not_numeric_literal: 1
  - None: 2
  - empty_output: 352
  - no_assert_found: 55

详细错误统计:
  - rhs_not_numeric_literal: 1
  - empty_output: 352
  - no_assert_found: 55

