成功加载 500 条结果
------------------------------

=== TreecEva 评估结果分析报告 ===

[基本指标]
- 总样本数: 500
- 正确数量: 43
- 准确率:   8.60%
- 有效预测数: 404
- 有效准确率: 10.64%
- 错误率:   19.20%

[数值准确率] (浮点数比较)
- 精确匹配数: 43
- 近似匹配数: 1
- 精确准确率: 10.64%
- 近似准确率: 10.89%
- 平均差异:   251767.4994
- 中位数差异: 21.0000
- 最大差异:   82179192.0000

[答案类型分布]
预测答案类型:
  - integer: 365
  - float: 39
标准答案类型:
  - integer: 436
  - float: 64

[错误分析]
  - None: 361
  - rhs_not_numeric_literal: 83
  - no_assert_found: 13

详细错误统计:
  - rhs_not_numeric_literal: 83
  - no_assert_found: 13

