成功加载 500 条结果
------------------------------

=== TreecEva 评估结果分析报告 ===

[基本指标]
- 总样本数: 500
- 正确数量: 142
- 准确率:   28.40%
- 有效预测数: 157
- 有效准确率: 90.45%
- 错误率:   68.60%

[数值准确率] (浮点数比较)
- 精确匹配数: 142
- 近似匹配数: 0
- 精确准确率: 90.45%
- 近似准确率: 90.45%
- 平均差异:   80.1322
- 中位数差异: 0.0000
- 最大差异:   6062.0000

[答案类型分布]
预测答案类型:
  - integer: 137
  - float: 20
标准答案类型:
  - integer: 436
  - float: 64

[错误分析]
  - empty_output: 279
  - None: 15
  - no_assert_found: 62
  - rhs_not_numeric_literal: 2

详细错误统计:
  - empty_output: 279
  - no_assert_found: 62
  - rhs_not_numeric_literal: 2

