成功加载 500 条结果
------------------------------

=== TreecEva 评估结果分析报告 ===

[基本指标]
- 总样本数: 500
- 正确数量: 279
- 准确率:   55.80%
- 有效预测数: 316
- 有效准确率: 88.29%
- 错误率:   36.80%

[数值准确率] (浮点数比较)
- 精确匹配数: 279
- 近似匹配数: 0
- 精确准确率: 88.29%
- 近似准确率: 88.29%
- 平均差异:   30346162572575952.0000
- 中位数差异: 0.0000
- 最大差异:   9589387372926840832.0000

[答案类型分布]
预测答案类型:
  - integer: 287
  - float: 29
标准答案类型:
  - integer: 436
  - float: 64

[错误分析]
  - None: 37
  - no_assert_found: 75
  - empty_output: 109

详细错误统计:
  - no_assert_found: 75
  - empty_output: 109

