成功加载 500 条结果
------------------------------

=== TreecEva 评估结果分析报告 ===

[基本指标]
- 总样本数: 500
- 正确数量: 217
- 准确率:   43.40%
- 有效预测数: 308
- 有效准确率: 70.45%
- 错误率:   38.40%

[数值准确率] (浮点数比较)
- 精确匹配数: 217
- 近似匹配数: 1
- 精确准确率: 70.45%
- 近似准确率: 70.78%
- 平均差异:   2989509.9408
- 中位数差异: 0.0000
- 最大差异:   913907706.0000

[答案类型分布]
预测答案类型:
  - integer: 276
  - float: 32
标准答案类型:
  - integer: 436
  - float: 64

[错误分析]
  - None: 91
  - empty_output: 94
  - no_assert_found: 95
  - rhs_not_numeric_literal: 3

详细错误统计:
  - empty_output: 94
  - no_assert_found: 95
  - rhs_not_numeric_literal: 3

