成功加载 500 条结果
------------------------------

=== TreecEva 评估结果分析报告 ===

[基本指标]
- 总样本数: 500
- 正确数量: 338
- 准确率:   67.60%
- 有效预测数: 373
- 有效准确率: 90.62%
- 错误率:   25.40%

[数值准确率] (浮点数比较)
- 精确匹配数: 338
- 近似匹配数: 0
- 精确准确率: 90.62%
- 近似准确率: 90.62%
- 平均差异:   17469485076032366.0000
- 中位数差异: 0.0000
- 最大差异:   6516117933360025600.0000

[答案类型分布]
预测答案类型:
  - integer: 335
  - float: 38
标准答案类型:
  - integer: 436
  - float: 64

[错误分析]
  - None: 35
  - no_assert_found: 89
  - empty_output: 37
  - rhs_not_numeric_literal: 1

详细错误统计:
  - no_assert_found: 89
  - empty_output: 37
  - rhs_not_numeric_literal: 1

