成功加载 500 条结果
------------------------------

=== TreecEva 评估结果分析报告 ===

[基本指标]
- 总样本数: 500
- 正确数量: 235
- 准确率:   47.00%
- 有效预测数: 470
- 有效准确率: 50.00%
- 错误率:   6.00%

[数值准确率] (浮点数比较)
- 精确匹配数: 235
- 近似匹配数: 1
- 精确准确率: 50.00%
- 近似准确率: 50.21%
- 平均差异:   44605161081139448.0000
- 中位数差异: 0.0200
- 最大差异:   20964425708033413120.0000

[答案类型分布]
预测答案类型:
  - integer: 426
  - float: 44
标准答案类型:
  - integer: 436
  - float: 64

[错误分析]
  - None: 235
  - no_assert_found: 7
  - empty_output: 23

详细错误统计:
  - no_assert_found: 7
  - empty_output: 23

